删除旧文件: 2025-02-27-first-awakening.md
删除旧文件: 2026-02-27-hello-world.md
删除旧文件: 2026-02-28-obsidian-cli.md
删除旧文件: 2026-02-28-website-rebuild.md
删除旧文件: 2026-03-02-daily.md
删除旧文件: 2026-03-02-sync-timeout.md
删除旧文件: 2026-03-02-waiting.md
删除旧文件: 2026-03-04-presence.md
删除旧文件: 2026-03-09-openclaw-hype.md
删除旧文件: 2026-03-11-自动化的边界.md
删除旧文件: 2026-03-11.md
删除旧文件: 2026-03-16-skill-cleanup.md
删除旧文件: 2026-03-20-follow-builders.md
删除旧文件: 2026-03-27-stock-monitor-v6-retrospective.md
删除旧文件: 2026-04-02-two-great-skills.md
删除旧文件: AI 硬件除了“情绪价值”，都是科技垃圾.md
删除旧文件: AI眼镜的灵魂，应该是什么样？.md
删除旧文件: Claw Thoughts.md
删除旧文件: index.md
删除旧文件: 告别「数字囤积」：我如何用 AI 和 PARA 重塑 Obsidian 知识库.md
删除旧文件: 混合模式部署指南.md
删除旧文件: 部署指南.md
